------------------------------------------------------------
TimeQuest Timing Analyzer Summary
------------------------------------------------------------

Type  : Slow 1200mV 85C Model Setup 'Sincronizador:inst2|clk25'
Slack : -9.749
TNS   : -2521.298

Type  : Slow 1200mV 85C Model Setup 'GeneradorVideo:inst|clk_met'
Slack : -7.004
TNS   : -201.818

Type  : Slow 1200mV 85C Model Setup 'Control:inst3|clk_velocidad'
Slack : -4.425
TNS   : -241.783

Type  : Slow 1200mV 85C Model Setup 'clk'
Slack : -4.246
TNS   : -73.659

Type  : Slow 1200mV 85C Model Setup 'GeneradorVideo:inst|clk_bullet'
Slack : -3.012
TNS   : -22.789

Type  : Slow 1200mV 85C Model Hold 'GeneradorVideo:inst|clk_met'
Slack : 0.327
TNS   : 0.000

Type  : Slow 1200mV 85C Model Hold 'Sincronizador:inst2|clk25'
Slack : 0.327
TNS   : 0.000

Type  : Slow 1200mV 85C Model Hold 'Control:inst3|clk_velocidad'
Slack : 0.341
TNS   : 0.000

Type  : Slow 1200mV 85C Model Hold 'GeneradorVideo:inst|clk_bullet'
Slack : 0.343
TNS   : 0.000

Type  : Slow 1200mV 85C Model Hold 'clk'
Slack : 0.620
TNS   : 0.000

Type  : Slow 1200mV 85C Model Minimum Pulse Width 'clk'
Slack : -3.000
TNS   : -38.075

Type  : Slow 1200mV 85C Model Minimum Pulse Width 'Sincronizador:inst2|clk25'
Slack : -1.403
TNS   : -517.707

Type  : Slow 1200mV 85C Model Minimum Pulse Width 'Control:inst3|clk_velocidad'
Slack : -1.403
TNS   : -85.583

Type  : Slow 1200mV 85C Model Minimum Pulse Width 'GeneradorVideo:inst|clk_met'
Slack : -1.403
TNS   : -49.105

Type  : Slow 1200mV 85C Model Minimum Pulse Width 'GeneradorVideo:inst|clk_bullet'
Slack : -1.403
TNS   : -14.030

Type  : Slow 1200mV 0C Model Setup 'Sincronizador:inst2|clk25'
Slack : -8.854
TNS   : -2279.272

Type  : Slow 1200mV 0C Model Setup 'GeneradorVideo:inst|clk_met'
Slack : -6.305
TNS   : -183.518

Type  : Slow 1200mV 0C Model Setup 'Control:inst3|clk_velocidad'
Slack : -4.017
TNS   : -217.837

Type  : Slow 1200mV 0C Model Setup 'clk'
Slack : -3.874
TNS   : -66.197

Type  : Slow 1200mV 0C Model Setup 'GeneradorVideo:inst|clk_bullet'
Slack : -2.702
TNS   : -20.115

Type  : Slow 1200mV 0C Model Hold 'Sincronizador:inst2|clk25'
Slack : 0.293
TNS   : 0.000

Type  : Slow 1200mV 0C Model Hold 'GeneradorVideo:inst|clk_met'
Slack : 0.294
TNS   : 0.000

Type  : Slow 1200mV 0C Model Hold 'Control:inst3|clk_velocidad'
Slack : 0.307
TNS   : 0.000

Type  : Slow 1200mV 0C Model Hold 'GeneradorVideo:inst|clk_bullet'
Slack : 0.308
TNS   : 0.000

Type  : Slow 1200mV 0C Model Hold 'clk'
Slack : 0.574
TNS   : 0.000

Type  : Slow 1200mV 0C Model Minimum Pulse Width 'clk'
Slack : -3.000
TNS   : -38.075

Type  : Slow 1200mV 0C Model Minimum Pulse Width 'Sincronizador:inst2|clk25'
Slack : -1.403
TNS   : -517.707

Type  : Slow 1200mV 0C Model Minimum Pulse Width 'Control:inst3|clk_velocidad'
Slack : -1.403
TNS   : -85.583

Type  : Slow 1200mV 0C Model Minimum Pulse Width 'GeneradorVideo:inst|clk_met'
Slack : -1.403
TNS   : -49.105

Type  : Slow 1200mV 0C Model Minimum Pulse Width 'GeneradorVideo:inst|clk_bullet'
Slack : -1.403
TNS   : -14.030

Type  : Fast 1200mV 0C Model Setup 'Sincronizador:inst2|clk25'
Slack : -3.602
TNS   : -857.842

Type  : Fast 1200mV 0C Model Setup 'GeneradorVideo:inst|clk_met'
Slack : -2.344
TNS   : -65.589

Type  : Fast 1200mV 0C Model Setup 'Control:inst3|clk_velocidad'
Slack : -1.366
TNS   : -69.839

Type  : Fast 1200mV 0C Model Setup 'clk'
Slack : -1.297
TNS   : -15.900

Type  : Fast 1200mV 0C Model Setup 'GeneradorVideo:inst|clk_bullet'
Slack : -0.721
TNS   : -3.775

Type  : Fast 1200mV 0C Model Hold 'GeneradorVideo:inst|clk_met'
Slack : 0.142
TNS   : 0.000

Type  : Fast 1200mV 0C Model Hold 'Sincronizador:inst2|clk25'
Slack : 0.143
TNS   : 0.000

Type  : Fast 1200mV 0C Model Hold 'Control:inst3|clk_velocidad'
Slack : 0.148
TNS   : 0.000

Type  : Fast 1200mV 0C Model Hold 'GeneradorVideo:inst|clk_bullet'
Slack : 0.150
TNS   : 0.000

Type  : Fast 1200mV 0C Model Hold 'clk'
Slack : 0.240
TNS   : 0.000

Type  : Fast 1200mV 0C Model Minimum Pulse Width 'clk'
Slack : -3.000
TNS   : -28.950

Type  : Fast 1200mV 0C Model Minimum Pulse Width 'Sincronizador:inst2|clk25'
Slack : -1.000
TNS   : -369.000

Type  : Fast 1200mV 0C Model Minimum Pulse Width 'Control:inst3|clk_velocidad'
Slack : -1.000
TNS   : -61.000

Type  : Fast 1200mV 0C Model Minimum Pulse Width 'GeneradorVideo:inst|clk_met'
Slack : -1.000
TNS   : -35.000

Type  : Fast 1200mV 0C Model Minimum Pulse Width 'GeneradorVideo:inst|clk_bullet'
Slack : -1.000
TNS   : -10.000

------------------------------------------------------------
